// Jest Snapshot v1, https://goo.gl/fbAQLP

exports[`Pruebas en <GifItem /> Debe de hacer match con el snapshot 1`] = `
<div>
  <div
    class="card"
  >
    <img
      alt="One punch"
      src="http://one-punch/saitama.jpg"
    />
    <p>
      One punch
    </p>
  </div>
</div>
`;
